([ 'assign' , 'varname' = {valaue}],[ 'assign' , 'vartwo' = {< 'render', ("value2")>}])