("dsfsdfds  sdf sdf < dsf sdf $ sdf ",<#-- stuff -->," sdf $ sdf < dsf")