([ 'function', <test>, ("body1")],"
",[ 'function', <test>, me, ("body2")],"
",[ 'function', <test>, me, really=${ ..... }, ("body3")])