([ 'if' , ${ ..... }->("body")],"
",[ 'if' , ${ ..... }->("body2"), ELSE->("body3")],"
",[ 'if' , ${ ..... }->("body4"), ${ ..... }->("body5")],"
",[ 'if' , ${ ..... }->("body6"), ${ ..... }->("body7"), ELSE->("body8")])