([ 'import', ${ ..... }, suppe],"
",[ 'import', ${ ..... }, suppe2])