([ 'include', ${ ..... }{ignore_missing=${ ..... },parse=${ ..... }}],"
",[ 'include', ${ ..... }{}])